exports[`<SignupPage /> should render with <SignupForm /> 1`] = `
<div
  className="row">
  <div
    className="col-md-12">
    <h2>
      Sign Up
    </h2>
    <LoadingSpinner
      loading={false}
      message="Creating account... (this may take several seconds)" />
    <ErrorAlert
      error="" />
    <div
      className="alert alert-info">
      <p>
        Application Management requires a
        <strong>
           Concur Travel and Expense (CTE) account. 
        </strong>
        If you have a CTE account, 
        <Link
          onlyActiveOnIndex={false}
          style={Object {}}
          to="/login">
          login here.
        </Link>
      </p>
      <p>
        Otherwise, sign up for an account using the form below.
      </p>
    </div>
    <ReduxForm
      onSubmit={[Function]} />
  </div>
</div>
`;
